Archive member included to satisfy reference by file (symbol)

c:/st/stm32cubeide_1.9.0/stm32cubeide/plugins/com.st.stm32cube.ide.mcu.externaltools.gnu-tools-for-stm32.10.3-2021.10.win32_1.0.0.202111181127/tools/bin/../lib/gcc/arm-none-eabi/10.3.1/../../../../arm-none-eabi/lib/thumb/v7e-m+fp/hard\libc_nano.a(lib_a-errno.o)
                              ./Core/Src/syscalls.o (__errno)
c:/st/stm32cubeide_1.9.0/stm32cubeide/plugins/com.st.stm32cube.ide.mcu.externaltools.gnu-tools-for-stm32.10.3-2021.10.win32_1.0.0.202111181127/tools/bin/../lib/gcc/arm-none-eabi/10.3.1/../../../../arm-none-eabi/lib/thumb/v7e-m+fp/hard\libc_nano.a(lib_a-exit.o)
                              c:/st/stm32cubeide_1.9.0/stm32cubeide/plugins/com.st.stm32cube.ide.mcu.externaltools.gnu-tools-for-stm32.10.3-2021.10.win32_1.0.0.202111181127/tools/bin/../lib/gcc/arm-none-eabi/10.3.1/../../../../arm-none-eabi/lib/thumb/v7e-m+fp/hard/crt0.o (exit)
c:/st/stm32cubeide_1.9.0/stm32cubeide/plugins/com.st.stm32cube.ide.mcu.externaltools.gnu-tools-for-stm32.10.3-2021.10.win32_1.0.0.202111181127/tools/bin/../lib/gcc/arm-none-eabi/10.3.1/../../../../arm-none-eabi/lib/thumb/v7e-m+fp/hard\libc_nano.a(lib_a-impure.o)
                              c:/st/stm32cubeide_1.9.0/stm32cubeide/plugins/com.st.stm32cube.ide.mcu.externaltools.gnu-tools-for-stm32.10.3-2021.10.win32_1.0.0.202111181127/tools/bin/../lib/gcc/arm-none-eabi/10.3.1/../../../../arm-none-eabi/lib/thumb/v7e-m+fp/hard\libc_nano.a(lib_a-exit.o) (_global_impure_ptr)
c:/st/stm32cubeide_1.9.0/stm32cubeide/plugins/com.st.stm32cube.ide.mcu.externaltools.gnu-tools-for-stm32.10.3-2021.10.win32_1.0.0.202111181127/tools/bin/../lib/gcc/arm-none-eabi/10.3.1/../../../../arm-none-eabi/lib/thumb/v7e-m+fp/hard\libc_nano.a(lib_a-init.o)
                              c:/st/stm32cubeide_1.9.0/stm32cubeide/plugins/com.st.stm32cube.ide.mcu.externaltools.gnu-tools-for-stm32.10.3-2021.10.win32_1.0.0.202111181127/tools/bin/../lib/gcc/arm-none-eabi/10.3.1/../../../../arm-none-eabi/lib/thumb/v7e-m+fp/hard/crt0.o (__libc_init_array)
c:/st/stm32cubeide_1.9.0/stm32cubeide/plugins/com.st.stm32cube.ide.mcu.externaltools.gnu-tools-for-stm32.10.3-2021.10.win32_1.0.0.202111181127/tools/bin/../lib/gcc/arm-none-eabi/10.3.1/../../../../arm-none-eabi/lib/thumb/v7e-m+fp/hard\libc_nano.a(lib_a-memset.o)
                              c:/st/stm32cubeide_1.9.0/stm32cubeide/plugins/com.st.stm32cube.ide.mcu.externaltools.gnu-tools-for-stm32.10.3-2021.10.win32_1.0.0.202111181127/tools/bin/../lib/gcc/arm-none-eabi/10.3.1/../../../../arm-none-eabi/lib/thumb/v7e-m+fp/hard/crt0.o (memset)
c:/st/stm32cubeide_1.9.0/stm32cubeide/plugins/com.st.stm32cube.ide.mcu.externaltools.gnu-tools-for-stm32.10.3-2021.10.win32_1.0.0.202111181127/tools/bin/../lib/gcc/arm-none-eabi/10.3.1/../../../../arm-none-eabi/lib/thumb/v7e-m+fp/hard\libc_nano.a(lib_a-strlen.o)
                              ./Core/Src/main.o (strlen)
c:/st/stm32cubeide_1.9.0/stm32cubeide/plugins/com.st.stm32cube.ide.mcu.externaltools.gnu-tools-for-stm32.10.3-2021.10.win32_1.0.0.202111181127/tools/bin/../lib/gcc/arm-none-eabi/10.3.1/thumb/v7e-m+fp/hard\libgcc.a(_aeabi_uldivmod.o)
                              ./Drivers/STM32F4xx_HAL_Driver/Src/stm32f4xx_hal_rcc.o (__aeabi_uldivmod)
c:/st/stm32cubeide_1.9.0/stm32cubeide/plugins/com.st.stm32cube.ide.mcu.externaltools.gnu-tools-for-stm32.10.3-2021.10.win32_1.0.0.202111181127/tools/bin/../lib/gcc/arm-none-eabi/10.3.1/thumb/v7e-m+fp/hard\libgcc.a(_udivmoddi4.o)
                              c:/st/stm32cubeide_1.9.0/stm32cubeide/plugins/com.st.stm32cube.ide.mcu.externaltools.gnu-tools-for-stm32.10.3-2021.10.win32_1.0.0.202111181127/tools/bin/../lib/gcc/arm-none-eabi/10.3.1/thumb/v7e-m+fp/hard\libgcc.a(_aeabi_uldivmod.o) (__udivmoddi4)
c:/st/stm32cubeide_1.9.0/stm32cubeide/plugins/com.st.stm32cube.ide.mcu.externaltools.gnu-tools-for-stm32.10.3-2021.10.win32_1.0.0.202111181127/tools/bin/../lib/gcc/arm-none-eabi/10.3.1/thumb/v7e-m+fp/hard\libgcc.a(_dvmd_tls.o)
                              c:/st/stm32cubeide_1.9.0/stm32cubeide/plugins/com.st.stm32cube.ide.mcu.externaltools.gnu-tools-for-stm32.10.3-2021.10.win32_1.0.0.202111181127/tools/bin/../lib/gcc/arm-none-eabi/10.3.1/thumb/v7e-m+fp/hard\libgcc.a(_aeabi_uldivmod.o) (__aeabi_ldiv0)

Discarded input sections

 .text          0x0000000000000000        0x0 c:/st/stm32cubeide_1.9.0/stm32cubeide/plugins/com.st.stm32cube.ide.mcu.externaltools.gnu-tools-for-stm32.10.3-2021.10.win32_1.0.0.202111181127/tools/bin/../lib/gcc/arm-none-eabi/10.3.1/thumb/v7e-m+fp/hard/crti.o
 .data          0x0000000000000000        0x0 c:/st/stm32cubeide_1.9.0/stm32cubeide/plugins/com.st.stm32cube.ide.mcu.externaltools.gnu-tools-for-stm32.10.3-2021.10.win32_1.0.0.202111181127/tools/bin/../lib/gcc/arm-none-eabi/10.3.1/thumb/v7e-m+fp/hard/crti.o
[...]
Memory Configuration

Name             Origin             Length             Attributes
RAM              0x0000000020000000 0x0000000000018000 xrw
FLASH            0x0000000008000000 0x0000000000080000 xr
*default*        0x0000000000000000 0xffffffffffffffff

Linker script and memory map

LOAD c:/st/stm32cubeide_1.9.0/stm32cubeide/plugins/com.st.stm32cube.ide.mcu.externaltools.gnu-tools-for-stm32.10.3-2021.10.win32_1.0.0.202111181127/tools/bin/../lib/gcc/arm-none-eabi/10.3.1/thumb/v7e-m+fp/hard/crti.o
LOAD c:/st/stm32cubeide_1.9.0/stm32cubeide/plugins/com.st.stm32cube.ide.mcu.externaltools.gnu-tools-for-stm32.10.3-2021.10.win32_1.0.0.202111181127/tools/bin/../lib/gcc/arm-none-eabi/10.3.1/thumb/v7e-m+fp/hard/crtbegin.o
LOAD c:/st/stm32cubeide_1.9.0/stm32cubeide/plugins/com.st.stm32cube.ide.mcu.externaltools.gnu-tools-for-stm32.10.3-2021.10.win32_1.0.0.202111181127/tools/bin/../lib/gcc/arm-none-eabi/10.3.1/../../../../arm-none-eabi/lib/thumb/v7e-m+fp/hard/crt0.o
LOAD ./Core/Src/fatfs_sd.o
LOAD ./Core/Src/gpio.o
LOAD ./Core/Src/main.o
LOAD ./Core/Src/spi.o
LOAD ./Core/Src/stm32f4xx_hal_msp.o
LOAD ./Core/Src/stm32f4xx_it.o
LOAD ./Core/Src/syscalls.o
LOAD ./Core/Src/sysmem.o
LOAD ./Core/Src/system_stm32f4xx.o
LOAD ./Core/Src/usart.o
LOAD ./Core/Startup/startup_stm32f401retx.o
LOAD ./Drivers/STM32F4xx_HAL_Driver/Src/stm32f4xx_hal.o
LOAD ./Drivers/STM32F4xx_HAL_Driver/Src/stm32f4xx_hal_cortex.o
LOAD ./Drivers/STM32F4xx_HAL_Driver/Src/stm32f4xx_hal_dma.o
LOAD ./Drivers/STM32F4xx_HAL_Driver/Src/stm32f4xx_hal_dma_ex.o
LOAD ./Drivers/STM32F4xx_HAL_Driver/Src/stm32f4xx_hal_exti.o
LOAD ./Drivers/STM32F4xx_HAL_Driver/Src/stm32f4xx_hal_flash.o
LOAD ./Drivers/STM32F4xx_HAL_Driver/Src/stm32f4xx_hal_flash_ex.o
LOAD ./Drivers/STM32F4xx_HAL_Driver/Src/stm32f4xx_hal_flash_ramfunc.o
LOAD ./Drivers/STM32F4xx_HAL_Driver/Src/stm32f4xx_hal_gpio.o
LOAD ./Drivers/STM32F4xx_HAL_Driver/Src/stm32f4xx_hal_pwr.o
LOAD ./Drivers/STM32F4xx_HAL_Driver/Src/stm32f4xx_hal_pwr_ex.o
LOAD ./Drivers/STM32F4xx_HAL_Driver/Src/stm32f4xx_hal_rcc.o
LOAD ./Drivers/STM32F4xx_HAL_Driver/Src/stm32f4xx_hal_rcc_ex.o
LOAD ./Drivers/STM32F4xx_HAL_Driver/Src/stm32f4xx_hal_spi.o
LOAD ./Drivers/STM32F4xx_HAL_Driver/Src/stm32f4xx_hal_tim.o
LOAD ./Drivers/STM32F4xx_HAL_Driver/Src/stm32f4xx_hal_tim_ex.o
LOAD ./Drivers/STM32F4xx_HAL_Driver/Src/stm32f4xx_hal_uart.o
LOAD ./FATFS/App/fatfs.o
LOAD ./FATFS/Target/user_diskio.o
LOAD ./Middlewares/Third_Party/FatFs/src/diskio.o
LOAD ./Middlewares/Third_Party/FatFs/src/ff.o
LOAD ./Middlewares/Third_Party/FatFs/src/ff_gen_drv.o
LOAD ./Middlewares/Third_Party/FatFs/src/option/ccsbcs.o
LOAD ./Middlewares/Third_Party/FatFs/src/option/syscall.o
START GROUP
LOAD c:/st/stm32cubeide_1.9.0/stm32cubeide/plugins/com.st.stm32cube.ide.mcu.externaltools.gnu-tools-for-stm32.10.3-2021.10.win32_1.0.0.202111181127/tools/bin/../lib/gcc/arm-none-eabi/10.3.1/../../../../arm-none-eabi/lib/thumb/v7e-m+fp/hard\libc_nano.a
LOAD c:/st/stm32cubeide_1.9.0/stm32cubeide/plugins/com.st.stm32cube.ide.mcu.externaltools.gnu-tools-for-stm32.10.3-2021.10.win32_1.0.0.202111181127/tools/bin/../lib/gcc/arm-none-eabi/10.3.1/../../../../arm-none-eabi/lib/thumb/v7e-m+fp/hard\libm.a
END GROUP
START GROUP
LOAD c:/st/stm32cubeide_1.9.0/stm32cubeide/plugins/com.st.stm32cube.ide.mcu.externaltools.gnu-tools-for-stm32.10.3-2021.10.win32_1.0.0.202111181127/tools/bin/../lib/gcc/arm-none-eabi/10.3.1/thumb/v7e-m+fp/hard\libgcc.a
LOAD c:/st/stm32cubeide_1.9.0/stm32cubeide/plugins/com.st.stm32cube.ide.mcu.externaltools.gnu-tools-for-stm32.10.3-2021.10.win32_1.0.0.202111181127/tools/bin/../lib/gcc/arm-none-eabi/10.3.1/../../../../arm-none-eabi/lib/thumb/v7e-m+fp/hard\libc_nano.a
END GROUP
START GROUP
LOAD c:/st/stm32cubeide_1.9.0/stm32cubeide/plugins/com.st.stm32cube.ide.mcu.externaltools.gnu-tools-for-stm32.10.3-2021.10.win32_1.0.0.202111181127/tools/bin/../lib/gcc/arm-none-eabi/10.3.1/thumb/v7e-m+fp/hard\libgcc.a
LOAD c:/st/stm32cubeide_1.9.0/stm32cubeide/plugins/com.st.stm32cube.ide.mcu.externaltools.gnu-tools-for-stm32.10.3-2021.10.win32_1.0.0.202111181127/tools/bin/../lib/gcc/arm-none-eabi/10.3.1/../../../../arm-none-eabi/lib/thumb/v7e-m+fp/hard\libc_nano.a
LOAD c:/st/stm32cubeide_1.9.0/stm32cubeide/plugins/com.st.stm32cube.ide.mcu.externaltools.gnu-tools-for-stm32.10.3-2021.10.win32_1.0.0.202111181127/tools/bin/../lib/gcc/arm-none-eabi/10.3.1/../../../../arm-none-eabi/lib/thumb/v7e-m+fp/hard\libnosys.a
END GROUP
START GROUP
LOAD c:/st/stm32cubeide_1.9.0/stm32cubeide/plugins/com.st.stm32cube.ide.mcu.externaltools.gnu-tools-for-stm32.10.3-2021.10.win32_1.0.0.202111181127/tools/bin/../lib/gcc/arm-none-eabi/10.3.1/thumb/v7e-m+fp/hard\libgcc.a
LOAD c:/st/stm32cubeide_1.9.0/stm32cubeide/plugins/com.st.stm32cube.ide.mcu.externaltools.gnu-tools-for-stm32.10.3-2021.10.win32_1.0.0.202111181127/tools/bin/../lib/gcc/arm-none-eabi/10.3.1/../../../../arm-none-eabi/lib/thumb/v7e-m+fp/hard\libc_nano.a
LOAD c:/st/stm32cubeide_1.9.0/stm32cubeide/plugins/com.st.stm32cube.ide.mcu.externaltools.gnu-tools-for-stm32.10.3-2021.10.win32_1.0.0.202111181127/tools/bin/../lib/gcc/arm-none-eabi/10.3.1/../../../../arm-none-eabi/lib/thumb/v7e-m+fp/hard\libnosys.a
END GROUP
LOAD c:/st/stm32cubeide_1.9.0/stm32cubeide/plugins/com.st.stm32cube.ide.mcu.externaltools.gnu-tools-for-stm32.10.3-2021.10.win32_1.0.0.202111181127/tools/bin/../lib/gcc/arm-none-eabi/10.3.1/thumb/v7e-m+fp/hard/crtend.o
LOAD c:/st/stm32cubeide_1.9.0/stm32cubeide/plugins/com.st.stm32cube.ide.mcu.externaltools.gnu-tools-for-stm32.10.3-2021.10.win32_1.0.0.202111181127/tools/bin/../lib/gcc/arm-none-eabi/10.3.1/thumb/v7e-m+fp/hard/crtn.o
                0x0000000020018000                _estack = (ORIGIN (RAM) + LENGTH (RAM))
                0x0000000000000200                _Min_Heap_Size = 0x200
                0x0000000000000400                _Min_Stack_Size = 0x400

.isr_vector     0x0000000008000000      0x194
                0x0000000008000000                . = ALIGN (0x4)
 *(.isr_vector)
 .isr_vector    0x0000000008000000      0x194 ./Core/Startup/startup_stm32f401retx.o
                0x0000000008000000                g_pfnVectors
                0x0000000008000194                . = ALIGN (0x4)

.text           0x0000000008000194     0x5efc
                0x0000000008000194                . = ALIGN (0x4)
 *(.text)
 .text          0x0000000008000194       0x40 c:/st/stm32cubeide_1.9.0/stm32cubeide/plugins/com.st.stm32cube.ide.mcu.externaltools.gnu-tools-for-stm32.10.3-2021.10.win32_1.0.0.202111181127/tools/bin/../lib/gcc/arm-none-eabi/10.3.1/thumb/v7e-m+fp/hard/crtbegin.o
 .text          0x00000000080001d4       0x10 c:/st/stm32cubeide_1.9.0/stm32cubeide/plugins/com.st.stm32cube.ide.mcu.externaltools.gnu-tools-for-stm32.10.3-2021.10.win32_1.0.0.202111181127/tools/bin/../lib/gcc/arm-none-eabi/10.3.1/../../../../arm-none-eabi/lib/thumb/v7e-m+fp/hard\libc_nano.a(lib_a-strlen.o)
                0x00000000080001d4                strlen
 .text          0x00000000080001e4       0x30 c:/st/stm32cubeide_1.9.0/stm32cubeide/plugins/com.st.stm32cube.ide.mcu.externaltools.gnu-tools-for-stm32.10.3-2021.10.win32_1.0.0.202111181127/tools/bin/../lib/gcc/arm-none-eabi/10.3.1/thumb/v7e-m+fp/hard\libgcc.a(_aeabi_uldivmod.o)
                0x00000000080001e4                __aeabi_uldivmod
 .text          0x0000000008000214      0x2d0 c:/st/stm32cubeide_1.9.0/stm32cubeide/plugins/com.st.stm32cube.ide.mcu.externaltools.gnu-tools-for-stm32.10.3-2021.10.win32_1.0.0.202111181127/tools/bin/../lib/gcc/arm-none-eabi/10.3.1/thumb/v7e-m+fp/hard\libgcc.a(_udivmoddi4.o)
                0x0000000008000214                __udivmoddi4
 .text          0x00000000080004e4        0x4 c:/st/stm32cubeide_1.9.0/stm32cubeide/plugins/com.st.stm32cube.ide.mcu.externaltools.gnu-tools-for-stm32.10.3-2021.10.win32_1.0.0.202111181127/tools/bin/../lib/gcc/arm-none-eabi/10.3.1/thumb/v7e-m+fp/hard\libgcc.a(_dvmd_tls.o)
                0x00000000080004e4                __aeabi_idiv0
                0x00000000080004e4                __aeabi_ldiv0
 *(.text*)
 .text.SELECT   0x00000000080004e8       0x20 ./Core/Src/fatfs_sd.o
 .text.DESELECT
                0x0000000008000508       0x20 ./Core/Src/fatfs_sd.o
 .text.SPI_TxByte
                0x0000000008000528       0x34 ./Core/Src/fatfs_sd.o
 .text.SPI_TxBuffer
                0x000000000800055c       0x34 ./Core/Src/fatfs_sd.o
 .text.SPI_RxByte
                0x0000000008000590       0x38 ./Core/Src/fatfs_sd.o
 .text.SPI_RxBytePtr
                0x00000000080005c8       0x1c ./Core/Src/fatfs_sd.o
 .text.SD_ReadyWait
                0x00000000080005e4       0x34 ./Core/Src/fatfs_sd.o
 .text.SD_PowerOn
                0x0000000008000618       0x84 ./Core/Src/fatfs_sd.o
 .text.SD_PowerOff
                0x000000000800069c       0x18 ./Core/Src/fatfs_sd.o
 .text.SD_CheckPower
                0x00000000080006b4       0x18 ./Core/Src/fatfs_sd.o
 .text.SD_RxDataBlock
                0x00000000080006cc       0x60 ./Core/Src/fatfs_sd.o
 .text.SD_TxDataBlock
                0x000000000800072c       0x86 ./Core/Src/fatfs_sd.o
 .text.SD_SendCmd
                0x00000000080007b2       0xa8 ./Core/Src/fatfs_sd.o
 *fill*         0x000000000800085a        0x2 
 .text.SD_disk_initialize
                0x000000000800085c      0x1d8 ./Core/Src/fatfs_sd.o
                0x000000000800085c                SD_disk_initialize
 .text.SD_disk_status
                0x0000000008000a34       0x2c ./Core/Src/fatfs_sd.o
                0x0000000008000a34                SD_disk_status
 .text.SD_disk_read
                0x0000000008000a60       0xd4 ./Core/Src/fatfs_sd.o
                0x0000000008000a60                SD_disk_read
 .text.SD_disk_write
                0x0000000008000b34      0x108 ./Core/Src/fatfs_sd.o
                0x0000000008000b34                SD_disk_write
 .text.SD_disk_ioctl
                0x0000000008000c3c      0x258 ./Core/Src/fatfs_sd.o
                0x0000000008000c3c                SD_disk_ioctl
 .text.MX_GPIO_Init
                0x0000000008000e94      0x10c ./Core/Src/gpio.o
                0x0000000008000e94                MX_GPIO_Init
 .text.send_uart
                0x0000000008000fa0       0x30 ./Core/Src/main.o
                0x0000000008000fa0                send_uart
 .text.main     0x0000000008000fd0       0x98 ./Core/Src/main.o
                0x0000000008000fd0                main
 .text.SystemClock_Config
                0x0000000008001068       0xd8 ./Core/Src/main.o
                0x0000000008001068                SystemClock_Config
 .text.Error_Handler
                0x0000000008001140        0xa ./Core/Src/main.o
                0x0000000008001140                Error_Handler
 *fill*         0x000000000800114a        0x2 
 .text.MX_SPI2_Init
                0x000000000800114c       0x6c ./Core/Src/spi.o
                0x000000000800114c                MX_SPI2_Init
 .text.HAL_SPI_MspInit
                0x00000000080011b8       0xd0 ./Core/Src/spi.o
                0x00000000080011b8                HAL_SPI_MspInit
 .text.HAL_MspInit
                0x0000000008001288       0x50 ./Core/Src/stm32f4xx_hal_msp.o
                0x0000000008001288                HAL_MspInit
 .text.SDTimer_Handler
                0x00000000080012d8       0x48 ./Core/Src/stm32f4xx_it.o
                0x00000000080012d8                SDTimer_Handler
 .text.NMI_Handler
                0x0000000008001320        0x6 ./Core/Src/stm32f4xx_it.o
                0x0000000008001320                NMI_Handler
 .text.HardFault_Handler
                0x0000000008001326        0x6 ./Core/Src/stm32f4xx_it.o
                0x0000000008001326                HardFault_Handler
 .text.MemManage_Handler
                0x000000000800132c        0x6 ./Core/Src/stm32f4xx_it.o
                0x000000000800132c                MemManage_Handler
 .text.BusFault_Handler
                0x0000000008001332        0x6 ./Core/Src/stm32f4xx_it.o
                0x0000000008001332                BusFault_Handler
 .text.UsageFault_Handler
                0x0000000008001338        0x6 ./Core/Src/stm32f4xx_it.o
                0x0000000008001338                UsageFault_Handler
 .text.SVC_Handler
                0x000000000800133e        0xe ./Core/Src/stm32f4xx_it.o
                0x000000000800133e                SVC_Handler
 .text.DebugMon_Handler
                0x000000000800134c        0xe ./Core/Src/stm32f4xx_it.o
                0x000000000800134c                DebugMon_Handler
 .text.PendSV_Handler
                0x000000000800135a        0xe ./Core/Src/stm32f4xx_it.o
                0x000000000800135a                PendSV_Handler
 .text.SysTick_Handler
                0x0000000008001368       0x34 ./Core/Src/stm32f4xx_it.o
                0x0000000008001368                SysTick_Handler
 .text.SystemInit
                0x000000000800139c       0x24 ./Core/Src/system_stm32f4xx.o
                0x000000000800139c                SystemInit
 .text.MX_USART2_UART_Init
                0x00000000080013c0       0x54 ./Core/Src/usart.o
                0x00000000080013c0                MX_USART2_UART_Init
 .text.HAL_UART_MspInit
                0x0000000008001414       0x90 ./Core/Src/usart.o
                0x0000000008001414                HAL_UART_MspInit
 .text.Reset_Handler
                0x00000000080014a4       0x50 ./Core/Startup/startup_stm32f401retx.o
                0x00000000080014a4                Reset_Handler
 .text.Default_Handler
                0x00000000080014f4        0x2 ./Core/Startup/startup_stm32f401retx.o
                0x00000000080014f4                RTC_Alarm_IRQHandler
                0x00000000080014f4                EXTI2_IRQHandler
                0x00000000080014f4                SPI4_IRQHandler
                0x00000000080014f4                TIM1_CC_IRQHandler
                0x00000000080014f4                DMA2_Stream5_IRQHandler
                0x00000000080014f4                DMA1_Stream5_IRQHandler
                0x00000000080014f4                PVD_IRQHandler
                0x00000000080014f4                SDIO_IRQHandler
                0x00000000080014f4                TAMP_STAMP_IRQHandler
                0x00000000080014f4                EXTI3_IRQHandler
                0x00000000080014f4                TIM1_UP_TIM10_IRQHandler
                0x00000000080014f4                I2C3_ER_IRQHandler
                0x00000000080014f4                EXTI0_IRQHandler
                0x00000000080014f4                I2C2_EV_IRQHandler
                0x00000000080014f4                DMA1_Stream2_IRQHandler
                0x00000000080014f4                FPU_IRQHandler
                0x00000000080014f4                DMA2_Stream2_IRQHandler
                0x00000000080014f4                SPI1_IRQHandler
                0x00000000080014f4                TIM1_BRK_TIM9_IRQHandler
                0x00000000080014f4                DMA2_Stream3_IRQHandler
                0x00000000080014f4                USART6_IRQHandler
                0x00000000080014f4                DMA2_Stream0_IRQHandler
                0x00000000080014f4                TIM4_IRQHandler
                0x00000000080014f4                I2C1_EV_IRQHandler
                0x00000000080014f4                DMA1_Stream6_IRQHandler
                0x00000000080014f4                DMA1_Stream1_IRQHandler
                0x00000000080014f4                TIM3_IRQHandler
                0x00000000080014f4                RCC_IRQHandler
                0x00000000080014f4                Default_Handler
                0x00000000080014f4                EXTI15_10_IRQHandler
                0x00000000080014f4                ADC_IRQHandler
                0x00000000080014f4                DMA1_Stream7_IRQHandler
                0x00000000080014f4                TIM5_IRQHandler
                0x00000000080014f4                DMA2_Stream7_IRQHandler
                0x00000000080014f4                I2C3_EV_IRQHandler
                0x00000000080014f4                EXTI9_5_IRQHandler
                0x00000000080014f4                RTC_WKUP_IRQHandler
                0x00000000080014f4                SPI2_IRQHandler
                0x00000000080014f4                DMA1_Stream0_IRQHandler
                0x00000000080014f4                EXTI4_IRQHandler
                0x00000000080014f4                WWDG_IRQHandler
                0x00000000080014f4                TIM2_IRQHandler
                0x00000000080014f4                OTG_FS_WKUP_IRQHandler
                0x00000000080014f4                TIM1_TRG_COM_TIM11_IRQHandler
                0x00000000080014f4                EXTI1_IRQHandler
                0x00000000080014f4                USART2_IRQHandler
                0x00000000080014f4                I2C2_ER_IRQHandler
                0x00000000080014f4                DMA2_Stream1_IRQHandler
                0x00000000080014f4                FLASH_IRQHandler
                0x00000000080014f4                DMA2_Stream4_IRQHandler
                0x00000000080014f4                USART1_IRQHandler
                0x00000000080014f4                OTG_FS_IRQHandler
                0x00000000080014f4                SPI3_IRQHandler
                0x00000000080014f4                DMA1_Stream4_IRQHandler
                0x00000000080014f4                I2C1_ER_IRQHandler
                0x00000000080014f4                DMA2_Stream6_IRQHandler
                0x00000000080014f4                DMA1_Stream3_IRQHandler
 *fill*         0x00000000080014f6        0x2 
 .text.HAL_Init
                0x00000000080014f8       0x44 ./Drivers/STM32F4xx_HAL_Driver/Src/stm32f4xx_hal.o
                0x00000000080014f8                HAL_Init
 .text.HAL_InitTick
                0x000000000800153c       0x60 ./Drivers/STM32F4xx_HAL_Driver/Src/stm32f4xx_hal.o
                0x000000000800153c                HAL_InitTick
 .text.HAL_IncTick
                0x000000000800159c       0x28 ./Drivers/STM32F4xx_HAL_Driver/Src/stm32f4xx_hal.o
                0x000000000800159c                HAL_IncTick
 .text.HAL_GetTick
                0x00000000080015c4       0x18 ./Drivers/STM32F4xx_HAL_Driver/Src/stm32f4xx_hal.o
                0x00000000080015c4                HAL_GetTick
 .text.HAL_Delay
                0x00000000080015dc       0x48 ./Drivers/STM32F4xx_HAL_Driver/Src/stm32f4xx_hal.o
                0x00000000080015dc                HAL_Delay
 .text.__NVIC_SetPriorityGrouping
                0x0000000008001624       0x48 ./Drivers/STM32F4xx_HAL_Driver/Src/stm32f4xx_hal_cortex.o
 .text.__NVIC_GetPriorityGrouping
                0x000000000800166c       0x1c ./Drivers/STM32F4xx_HAL_Driver/Src/stm32f4xx_hal_cortex.o
 .text.__NVIC_SetPriority
                0x0000000008001688       0x54 ./Drivers/STM32F4xx_HAL_Driver/Src/stm32f4xx_hal_cortex.o
 .text.NVIC_EncodePriority
                0x00000000080016dc       0x66 ./Drivers/STM32F4xx_HAL_Driver/Src/stm32f4xx_hal_cortex.o
 *fill*         0x0000000008001742        0x2 
 .text.SysTick_Config
                0x0000000008001744       0x44 ./Drivers/STM32F4xx_HAL_Driver/Src/stm32f4xx_hal_cortex.o
 .text.HAL_NVIC_SetPriorityGrouping
                0x0000000008001788       0x16 ./Drivers/STM32F4xx_HAL_Driver/Src/stm32f4xx_hal_cortex.o
                0x0000000008001788                HAL_NVIC_SetPriorityGrouping
 .text.HAL_NVIC_SetPriority
                0x000000000800179e       0x38 ./Drivers/STM32F4xx_HAL_Driver/Src/stm32f4xx_hal_cortex.o
                0x000000000800179e                HAL_NVIC_SetPriority
 .text.HAL_SYSTICK_Config
                0x00000000080017d6       0x18 ./Drivers/STM32F4xx_HAL_Driver/Src/stm32f4xx_hal_cortex.o
                0x00000000080017d6                HAL_SYSTICK_Config
 *fill*         0x00000000080017ee        0x2 
 .text.HAL_GPIO_Init
                0x00000000080017f0      0x308 ./Drivers/STM32F4xx_HAL_Driver/Src/stm32f4xx_hal_gpio.o
                0x00000000080017f0                HAL_GPIO_Init
 .text.HAL_GPIO_WritePin
                0x0000000008001af8       0x32 ./Drivers/STM32F4xx_HAL_Driver/Src/stm32f4xx_hal_gpio.o
                0x0000000008001af8                HAL_GPIO_WritePin
 *fill*         0x0000000008001b2a        0x2 
 .text.HAL_RCC_OscConfig
                0x0000000008001b2c      0x4f0 ./Drivers/STM32F4xx_HAL_Driver/Src/stm32f4xx_hal_rcc.o
                0x0000000008001b2c                HAL_RCC_OscConfig
 .text.HAL_RCC_ClockConfig
                0x000000000800201c      0x1cc ./Drivers/STM32F4xx_HAL_Driver/Src/stm32f4xx_hal_rcc.o
                0x000000000800201c                HAL_RCC_ClockConfig
 .text.HAL_RCC_GetSysClockFreq
                0x00000000080021e8      0x20c ./Drivers/STM32F4xx_HAL_Driver/Src/stm32f4xx_hal_rcc.o
                0x00000000080021e8                HAL_RCC_GetSysClockFreq
 .text.HAL_RCC_GetHCLKFreq
                0x00000000080023f4       0x18 ./Drivers/STM32F4xx_HAL_Driver/Src/stm32f4xx_hal_rcc.o
                0x00000000080023f4                HAL_RCC_GetHCLKFreq
 .text.HAL_RCC_GetPCLK1Freq
                0x000000000800240c       0x28 ./Drivers/STM32F4xx_HAL_Driver/Src/stm32f4xx_hal_rcc.o
                0x000000000800240c                HAL_RCC_GetPCLK1Freq
 .text.HAL_RCC_GetPCLK2Freq
                0x0000000008002434       0x28 ./Drivers/STM32F4xx_HAL_Driver/Src/stm32f4xx_hal_rcc.o
                0x0000000008002434                HAL_RCC_GetPCLK2Freq
 .text.HAL_SPI_Init
                0x000000000800245c      0x112 ./Drivers/STM32F4xx_HAL_Driver/Src/stm32f4xx_hal_spi.o
                0x000000000800245c                HAL_SPI_Init
 .text.HAL_SPI_Transmit
                0x000000000800256e      0x278 ./Drivers/STM32F4xx_HAL_Driver/Src/stm32f4xx_hal_spi.o
                0x000000000800256e                HAL_SPI_Transmit
 .text.HAL_SPI_TransmitReceive
                0x00000000080027e6      0x344 ./Drivers/STM32F4xx_HAL_Driver/Src/stm32f4xx_hal_spi.o
                0x00000000080027e6                HAL_SPI_TransmitReceive
 *fill*         0x0000000008002b2a        0x2 
 .text.SPI_WaitFlagStateUntilTimeout
                0x0000000008002b2c      0x110 ./Drivers/STM32F4xx_HAL_Driver/Src/stm32f4xx_hal_spi.o
 .text.SPI_EndRxTxTransaction
                0x0000000008002c3c       0x84 ./Drivers/STM32F4xx_HAL_Driver/Src/stm32f4xx_hal_spi.o
 .text.HAL_UART_Init
                0x0000000008002cc0       0x9a ./Drivers/STM32F4xx_HAL_Driver/Src/stm32f4xx_hal_uart.o
                0x0000000008002cc0                HAL_UART_Init
 .text.HAL_UART_Transmit
                0x0000000008002d5a      0x124 ./Drivers/STM32F4xx_HAL_Driver/Src/stm32f4xx_hal_uart.o
                0x0000000008002d5a                HAL_UART_Transmit
 .text.UART_WaitOnFlagUntilTimeout
                0x0000000008002e7e       0xdc ./Drivers/STM32F4xx_HAL_Driver/Src/stm32f4xx_hal_uart.o
 *fill*         0x0000000008002f5a        0x2 
 .text.UART_SetConfig
                0x0000000008002f5c      0x4e8 ./Drivers/STM32F4xx_HAL_Driver/Src/stm32f4xx_hal_uart.o
 .text.MX_FATFS_Init
                0x0000000008003444       0x24 ./FATFS/App/fatfs.o
                0x0000000008003444                MX_FATFS_Init
 .text.get_fattime
                0x0000000008003468       0x10 ./FATFS/App/fatfs.o
                0x0000000008003468                get_fattime
 .text.USER_initialize
                0x0000000008003478       0x1c ./FATFS/Target/user_diskio.o
                0x0000000008003478                USER_initialize
 .text.USER_status
                0x0000000008003494       0x1c ./FATFS/Target/user_diskio.o
                0x0000000008003494                USER_status
 .text.USER_read
                0x00000000080034b0       0x26 ./FATFS/Target/user_diskio.o
                0x00000000080034b0                USER_read
 .text.USER_write
                0x00000000080034d6       0x26 ./FATFS/Target/user_diskio.o
                0x00000000080034d6                USER_write
 .text.USER_ioctl
                0x00000000080034fc       0x26 ./FATFS/Target/user_diskio.o
                0x00000000080034fc                USER_ioctl
 *fill*         0x0000000008003522        0x2 
 .text.disk_status
                0x0000000008003524       0x34 ./Middlewares/Third_Party/FatFs/src/diskio.o
                0x0000000008003524                disk_status
 .text.disk_initialize
                0x0000000008003558       0x4c ./Middlewares/Third_Party/FatFs/src/diskio.o
                0x0000000008003558                disk_initialize
 .text.disk_read
                0x00000000080035a4       0x40 ./Middlewares/Third_Party/FatFs/src/diskio.o
                0x00000000080035a4                disk_read
 .text.disk_write
                0x00000000080035e4       0x40 ./Middlewares/Third_Party/FatFs/src/diskio.o
                0x00000000080035e4                disk_write
 .text.disk_ioctl
                0x0000000008003624       0x3c ./Middlewares/Third_Party/FatFs/src/diskio.o
                0x0000000008003624                disk_ioctl
 .text.ld_word  0x0000000008003660       0x30 ./Middlewares/Third_Party/FatFs/src/ff.o
 .text.ld_dword
                0x0000000008003690       0x46 ./Middlewares/Third_Party/FatFs/src/ff.o
 .text.st_word  0x00000000080036d6       0x36 ./Middlewares/Third_Party/FatFs/src/ff.o
 .text.st_dword
                0x000000000800370c       0x58 ./Middlewares/Third_Party/FatFs/src/ff.o
 .text.mem_cpy  0x0000000008003764       0x42 ./Middlewares/Third_Party/FatFs/src/ff.o
 .text.mem_set  0x00000000080037a6       0x36 ./Middlewares/Third_Party/FatFs/src/ff.o
 .text.mem_cmp  0x00000000080037dc       0x4e ./Middlewares/Third_Party/FatFs/src/ff.o
 .text.chk_chr  0x000000000800382a       0x36 ./Middlewares/Third_Party/FatFs/src/ff.o
 .text.chk_lock
                0x0000000008003860       0xb8 ./Middlewares/Third_Party/FatFs/src/ff.o
 .text.enq_lock
                0x0000000008003918       0x44 ./Middlewares/Third_Party/FatFs/src/ff.o
 .text.inc_lock
                0x000000000800395c      0x11c ./Middlewares/Third_Party/FatFs/src/ff.o
 .text.dec_lock
                0x0000000008003a78       0x78 ./Middlewares/Third_Party/FatFs/src/ff.o
 .text.clear_lock
                0x0000000008003af0       0x48 ./Middlewares/Third_Party/FatFs/src/ff.o
 .text.sync_window
                0x0000000008003b38       0x88 ./Middlewares/Third_Party/FatFs/src/ff.o
 .text.move_window
                0x0000000008003bc0       0x5a ./Middlewares/Third_Party/FatFs/src/ff.o
 *fill*         0x0000000008003c1a        0x2 
 .text.sync_fs  0x0000000008003c1c       0xe0 ./Middlewares/Third_Party/FatFs/src/ff.o
 .text.clust2sect
                0x0000000008003cfc       0x3e ./Middlewares/Third_Party/FatFs/src/ff.o
 .text.get_fat  0x0000000008003d3a      0x1a8 ./Middlewares/Third_Party/FatFs/src/ff.o
 .text.put_fat  0x0000000008003ee2      0x238 ./Middlewares/Third_Party/FatFs/src/ff.o
 .text.remove_chain
                0x000000000800411a       0xca ./Middlewares/Third_Party/FatFs/src/ff.o
 .text.create_chain
                0x00000000080041e4      0x130 ./Middlewares/Third_Party/FatFs/src/ff.o
 .text.dir_sdi  0x0000000008004314      0x112 ./Middlewares/Third_Party/FatFs/src/ff.o
 .text.dir_next
                0x0000000008004426      0x1ac ./Middlewares/Third_Party/FatFs/src/ff.o
 .text.dir_alloc
                0x00000000080045d2       0x8e ./Middlewares/Third_Party/FatFs/src/ff.o
 .text.ld_clust
                0x0000000008004660       0x3e ./Middlewares/Third_Party/FatFs/src/ff.o
 .text.st_clust
                0x000000000800469e       0x40 ./Middlewares/Third_Party/FatFs/src/ff.o
 *fill*         0x00000000080046de        0x2 
 .text.cmp_lfn  0x00000000080046e0       0xe0 ./Middlewares/Third_Party/FatFs/src/ff.o
 .text.put_lfn  0x00000000080047c0       0xd0 ./Middlewares/Third_Party/FatFs/src/ff.o
 .text.gen_numname
                0x0000000008004890      0x11c ./Middlewares/Third_Party/FatFs/src/ff.o
 .text.sum_sfn  0x00000000080049ac       0x42 ./Middlewares/Third_Party/FatFs/src/ff.o
 .text.dir_find
                0x00000000080049ee      0x180 ./Middlewares/Third_Party/FatFs/src/ff.o
 *fill*         0x0000000008004b6e        0x2 
 .text.dir_register
                0x0000000008004b70      0x1f0 ./Middlewares/Third_Party/FatFs/src/ff.o
 .text.create_name
                0x0000000008004d60      0x370 ./Middlewares/Third_Party/FatFs/src/ff.o
 .text.follow_path
                0x00000000080050d0       0xec ./Middlewares/Third_Party/FatFs/src/ff.o
 .text.get_ldnumber
                0x00000000080051bc       0x88 ./Middlewares/Third_Party/FatFs/src/ff.o
 .text.check_fs
                0x0000000008005244       0xac ./Middlewares/Third_Party/FatFs/src/ff.o
 .text.find_volume
                0x00000000080052f0      0x50c ./Middlewares/Third_Party/FatFs/src/ff.o
 .text.validate
                0x00000000080057fc       0x6a ./Middlewares/Third_Party/FatFs/src/ff.o
 *fill*         0x0000000008005866        0x2 
 .text.f_mount  0x0000000008005868       0x8c ./Middlewares/Third_Party/FatFs/src/ff.o
                0x0000000008005868                f_mount
 .text.f_open   0x00000000080058f4      0x398 ./Middlewares/Third_Party/FatFs/src/ff.o
                0x00000000080058f4                f_open
 .text.f_sync   0x0000000008005c8c       0xfc ./Middlewares/Third_Party/FatFs/src/ff.o
                0x0000000008005c8c                f_sync
 .text.f_close  0x0000000008005d88       0x54 ./Middlewares/Third_Party/FatFs/src/ff.o
                0x0000000008005d88                f_close
 .text.FATFS_LinkDriverEx
                0x0000000008005ddc       0x98 ./Middlewares/Third_Party/FatFs/src/ff_gen_drv.o
                0x0000000008005ddc                FATFS_LinkDriverEx
 .text.FATFS_LinkDriver
                0x0000000008005e74       0x1e ./Middlewares/Third_Party/FatFs/src/ff_gen_drv.o
                0x0000000008005e74                FATFS_LinkDriver
 *fill*         0x0000000008005e92        0x2 
 .text.ff_convert
                0x0000000008005e94       0x78 ./Middlewares/Third_Party/FatFs/src/option/ccsbcs.o
                0x0000000008005e94                ff_convert
 .text.ff_wtoupper
                0x0000000008005f0c      0x114 ./Middlewares/Third_Party/FatFs/src/option/ccsbcs.o
                0x0000000008005f0c                ff_wtoupper
 .text.__libc_init_array
                0x0000000008006020       0x48 c:/st/stm32cubeide_1.9.0/stm32cubeide/plugins/com.st.stm32cube.ide.mcu.externaltools.gnu-tools-for-stm32.10.3-2021.10.win32_1.0.0.202111181127/tools/bin/../lib/gcc/arm-none-eabi/10.3.1/../../../../arm-none-eabi/lib/thumb/v7e-m+fp/hard\libc_nano.a(lib_a-init.o)
                0x0000000008006020                __libc_init_array
 .text.memset   0x0000000008006068       0x10 c:/st/stm32cubeide_1.9.0/stm32cubeide/plugins/com.st.stm32cube.ide.mcu.externaltools.gnu-tools-for-stm32.10.3-2021.10.win32_1.0.0.202111181127/tools/bin/../lib/gcc/arm-none-eabi/10.3.1/../../../../arm-none-eabi/lib/thumb/v7e-m+fp/hard\libc_nano.a(lib_a-memset.o)
                0x0000000008006068                memset
 *(.glue_7)
 .glue_7        0x0000000008006078        0x0 linker stubs
 *(.glue_7t)
 .glue_7t       0x0000000008006078        0x0 linker stubs
 *(.eh_frame)
 .eh_frame      0x0000000008006078        0x0 c:/st/stm32cubeide_1.9.0/stm32cubeide/plugins/com.st.stm32cube.ide.mcu.externaltools.gnu-tools-for-stm32.10.3-2021.10.win32_1.0.0.202111181127/tools/bin/../lib/gcc/arm-none-eabi/10.3.1/thumb/v7e-m+fp/hard/crtbegin.o
 *(.init)
 .init          0x0000000008006078        0x4 c:/st/stm32cubeide_1.9.0/stm32cubeide/plugins/com.st.stm32cube.ide.mcu.externaltools.gnu-tools-for-stm32.10.3-2021.10.win32_1.0.0.202111181127/tools/bin/../lib/gcc/arm-none-eabi/10.3.1/thumb/v7e-m+fp/hard/crti.o
                0x0000000008006078                _init
 .init          0x000000000800607c        0x8 c:/st/stm32cubeide_1.9.0/stm32cubeide/plugins/com.st.stm32cube.ide.mcu.externaltools.gnu-tools-for-stm32.10.3-2021.10.win32_1.0.0.202111181127/tools/bin/../lib/gcc/arm-none-eabi/10.3.1/thumb/v7e-m+fp/hard/crtn.o
 *(.fini)
 .fini          0x0000000008006084        0x4 c:/st/stm32cubeide_1.9.0/stm32cubeide/plugins/com.st.stm32cube.ide.mcu.externaltools.gnu-tools-for-stm32.10.3-2021.10.win32_1.0.0.202111181127/tools/bin/../lib/gcc/arm-none-eabi/10.3.1/thumb/v7e-m+fp/hard/crti.o
                0x0000000008006084                _fini
 .fini          0x0000000008006088        0x8 c:/st/stm32cubeide_1.9.0/stm32cubeide/plugins/com.st.stm32cube.ide.mcu.externaltools.gnu-tools-for-stm32.10.3-2021.10.win32_1.0.0.202111181127/tools/bin/../lib/gcc/arm-none-eabi/10.3.1/thumb/v7e-m+fp/hard/crtn.o
                0x0000000008006090                . = ALIGN (0x4)
                0x0000000008006090                _etext = .

.vfp11_veneer   0x0000000008006090        0x0
 .vfp11_veneer  0x0000000008006090        0x0 linker stubs

.v4_bx          0x0000000008006090        0x0
 .v4_bx         0x0000000008006090        0x0 linker stubs

.iplt           0x0000000008006090        0x0
 .iplt          0x0000000008006090        0x0 c:/st/stm32cubeide_1.9.0/stm32cubeide/plugins/com.st.stm32cube.ide.mcu.externaltools.gnu-tools-for-stm32.10.3-2021.10.win32_1.0.0.202111181127/tools/bin/../lib/gcc/arm-none-eabi/10.3.1/thumb/v7e-m+fp/hard/crtbegin.o

.rodata         0x0000000008006090      0x528
                0x0000000008006090                . = ALIGN (0x4)
 *(.rodata)
 .rodata        0x0000000008006090       0x87 ./Core/Src/main.o
 *fill*         0x0000000008006117        0x1 
 .rodata        0x0000000008006118       0x48 ./Middlewares/Third_Party/FatFs/src/ff.o
 *(.rodata*)
 .rodata.AHBPrescTable
                0x0000000008006160       0x10 ./Core/Src/system_stm32f4xx.o
                0x0000000008006160                AHBPrescTable
 .rodata.APBPrescTable
                0x0000000008006170        0x8 ./Core/Src/system_stm32f4xx.o
                0x0000000008006170                APBPrescTable
 .rodata.ExCvt  0x0000000008006178       0x80 ./Middlewares/Third_Party/FatFs/src/ff.o
 .rodata.LfnOfs
                0x00000000080061f8        0xd ./Middlewares/Third_Party/FatFs/src/ff.o
 *fill*         0x0000000008006205        0x3 
 .rodata.Tbl    0x0000000008006208      0x100 ./Middlewares/Third_Party/FatFs/src/option/ccsbcs.o
 .rodata.cvt1.1
                0x0000000008006308      0x1f2 ./Middlewares/Third_Party/FatFs/src/option/ccsbcs.o
 *fill*         0x00000000080064fa        0x2 
 .rodata.cvt2.0
                0x00000000080064fc       0xbc ./Middlewares/Third_Party/FatFs/src/option/ccsbcs.o
                0x00000000080065b8                . = ALIGN (0x4)

.ARM.extab      0x00000000080065b8        0x0
                0x00000000080065b8                . = ALIGN (0x4)
 *(.ARM.extab* .gnu.linkonce.armextab.*)
                0x00000000080065b8                . = ALIGN (0x4)

.ARM            0x00000000080065b8        0x8
                0x00000000080065b8                . = ALIGN (0x4)
                0x00000000080065b8                __exidx_start = .
 *(.ARM.exidx*)
 .ARM.exidx     0x00000000080065b8        0x8 c:/st/stm32cubeide_1.9.0/stm32cubeide/plugins/com.st.stm32cube.ide.mcu.externaltools.gnu-tools-for-stm32.10.3-2021.10.win32_1.0.0.202111181127/tools/bin/../lib/gcc/arm-none-eabi/10.3.1/thumb/v7e-m+fp/hard\libgcc.a(_udivmoddi4.o)
                0x00000000080065c0                __exidx_end = .
                0x00000000080065c0                . = ALIGN (0x4)

.rel.dyn        0x00000000080065c0        0x0
 .rel.iplt      0x00000000080065c0        0x0 c:/st/stm32cubeide_1.9.0/stm32cubeide/plugins/com.st.stm32cube.ide.mcu.externaltools.gnu-tools-for-stm32.10.3-2021.10.win32_1.0.0.202111181127/tools/bin/../lib/gcc/arm-none-eabi/10.3.1/thumb/v7e-m+fp/hard/crtbegin.o

.preinit_array  0x00000000080065c0        0x0
                0x00000000080065c0                . = ALIGN (0x4)
                0x00000000080065c0                PROVIDE (__preinit_array_start = .)
 *(.preinit_array*)
                0x00000000080065c0                PROVIDE (__preinit_array_end = .)
                0x00000000080065c0                . = ALIGN (0x4)

.init_array     0x00000000080065c0        0x4
                0x00000000080065c0                . = ALIGN (0x4)
                0x00000000080065c0                PROVIDE (__init_array_start = .)
 *(SORT_BY_NAME(.init_array.*))
 *(.init_array*)
 .init_array    0x00000000080065c0        0x4 c:/st/stm32cubeide_1.9.0/stm32cubeide/plugins/com.st.stm32cube.ide.mcu.externaltools.gnu-tools-for-stm32.10.3-2021.10.win32_1.0.0.202111181127/tools/bin/../lib/gcc/arm-none-eabi/10.3.1/thumb/v7e-m+fp/hard/crtbegin.o
                0x00000000080065c4                PROVIDE (__init_array_end = .)
                0x00000000080065c4                . = ALIGN (0x4)

.fini_array     0x00000000080065c4        0x4
                0x00000000080065c4                . = ALIGN (0x4)
                [!provide]                        PROVIDE (__fini_array_start = .)
 *(SORT_BY_NAME(.fini_array.*))
 *(.fini_array*)
 .fini_array    0x00000000080065c4        0x4 c:/st/stm32cubeide_1.9.0/stm32cubeide/plugins/com.st.stm32cube.ide.mcu.externaltools.gnu-tools-for-stm32.10.3-2021.10.win32_1.0.0.202111181127/tools/bin/../lib/gcc/arm-none-eabi/10.3.1/thumb/v7e-m+fp/hard/crtbegin.o
                [!provide]                        PROVIDE (__fini_array_end = .)
                0x00000000080065c8                . = ALIGN (0x4)
                0x00000000080065c8                _sidata = LOADADDR (.data)

.data           0x0000000020000000       0x24 load address 0x00000000080065c8
                0x0000000020000000                . = ALIGN (0x4)
                0x0000000020000000                _sdata = .
 *(.data)
 *(.data*)
 .data.Stat     0x0000000020000000        0x1 ./Core/Src/fatfs_sd.o
 *fill*         0x0000000020000001        0x3 
 .data.SystemCoreClock
                0x0000000020000004        0x4 ./Core/Src/system_stm32f4xx.o
                0x0000000020000004                SystemCoreClock
 .data.uwTickPrio
                0x0000000020000008        0x4 ./Drivers/STM32F4xx_HAL_Driver/Src/stm32f4xx_hal.o
                0x0000000020000008                uwTickPrio
 .data.uwTickFreq
                0x000000002000000c        0x1 ./Drivers/STM32F4xx_HAL_Driver/Src/stm32f4xx_hal.o
                0x000000002000000c                uwTickFreq
 *fill*         0x000000002000000d        0x3 
 .data.USER_Driver
                0x0000000020000010       0x14 ./FATFS/Target/user_diskio.o
                0x0000000020000010                USER_Driver
 *(.RamFunc)
 *(.RamFunc*)
                0x0000000020000024                . = ALIGN (0x4)
                0x0000000020000024                _edata = .

.igot.plt       0x0000000020000024        0x0 load address 0x00000000080065ec
 .igot.plt      0x0000000020000024        0x0 c:/st/stm32cubeide_1.9.0/stm32cubeide/plugins/com.st.stm32cube.ide.mcu.externaltools.gnu-tools-for-stm32.10.3-2021.10.win32_1.0.0.202111181127/tools/bin/../lib/gcc/arm-none-eabi/10.3.1/thumb/v7e-m+fp/hard/crtbegin.o
                0x0000000020000024                . = ALIGN (0x4)

.bss            0x0000000020000024     0x236c load address 0x00000000080065ec
                0x0000000020000024                _sbss = .
                0x0000000020000024                __bss_start__ = _sbss
 *(.bss)
 .bss           0x0000000020000024       0x1c c:/st/stm32cubeide_1.9.0/stm32cubeide/plugins/com.st.stm32cube.ide.mcu.externaltools.gnu-tools-for-stm32.10.3-2021.10.win32_1.0.0.202111181127/tools/bin/../lib/gcc/arm-none-eabi/10.3.1/thumb/v7e-m+fp/hard/crtbegin.o
 *(.bss*)
 .bss.CardType  0x0000000020000040        0x1 ./Core/Src/fatfs_sd.o
 .bss.PowerFlag
                0x0000000020000041        0x1 ./Core/Src/fatfs_sd.o
 *fill*         0x0000000020000042        0x2 
 .bss.fs        0x0000000020000044     0x1038 ./Core/Src/main.o
                0x0000000020000044                fs
 .bss.fil       0x000000002000107c     0x1030 ./Core/Src/main.o
                0x000000002000107c                fil
 .bss.fresult   0x00000000200020ac        0x1 ./Core/Src/main.o
                0x00000000200020ac                fresult
 *fill*         0x00000000200020ad        0x3 
 .bss.hspi2     0x00000000200020b0       0x58 ./Core/Src/spi.o
                0x00000000200020b0                hspi2
 .bss.FatFsCnt  0x0000000020002108        0x1 ./Core/Src/stm32f4xx_it.o
                0x0000000020002108                FatFsCnt
 .bss.Timer1    0x0000000020002109        0x1 ./Core/Src/stm32f4xx_it.o
                0x0000000020002109                Timer1
 .bss.Timer2    0x000000002000210a        0x1 ./Core/Src/stm32f4xx_it.o
                0x000000002000210a                Timer2
 *fill*         0x000000002000210b        0x1 
 .bss.huart2    0x000000002000210c       0x44 ./Core/Src/usart.o
                0x000000002000210c                huart2
 .bss.uwTick    0x0000000020002150        0x4 ./Drivers/STM32F4xx_HAL_Driver/Src/stm32f4xx_hal.o
                0x0000000020002150                uwTick
 .bss.retUSER   0x0000000020002154        0x1 ./FATFS/App/fatfs.o
                0x0000000020002154                retUSER
 *fill*         0x0000000020002155        0x3 
 .bss.USERPath  0x0000000020002158        0x4 ./FATFS/App/fatfs.o
                0x0000000020002158                USERPath
 .bss.FatFs     0x000000002000215c        0x4 ./Middlewares/Third_Party/FatFs/src/ff.o
 .bss.Fsid      0x0000000020002160        0x2 ./Middlewares/Third_Party/FatFs/src/ff.o
 *fill*         0x0000000020002162        0x2 
 .bss.Files     0x0000000020002164       0x20 ./Middlewares/Third_Party/FatFs/src/ff.o
 .bss.LfnBuf    0x0000000020002184      0x200 ./Middlewares/Third_Party/FatFs/src/ff.o
 .bss.disk      0x0000000020002384        0xc ./Middlewares/Third_Party/FatFs/src/ff_gen_drv.o
                0x0000000020002384                disk
 *(COMMON)
                0x0000000020002390                . = ALIGN (0x4)
                0x0000000020002390                _ebss = .
                0x0000000020002390                __bss_end__ = _ebss

._user_heap_stack
                0x0000000020002390      0x600 load address 0x00000000080065ec
                0x0000000020002390                . = ALIGN (0x8)
                [!provide]                        PROVIDE (end = .)
                0x0000000020002390                PROVIDE (_end = .)
                0x0000000020002590                . = (. + _Min_Heap_Size)
 *fill*         0x0000000020002390      0x200 
                0x0000000020002990                . = (. + _Min_Stack_Size)
 *fill*         0x0000000020002590      0x400 
                0x0000000020002990                . = ALIGN (0x8)

/DISCARD/
 libc.a(*)
 libm.a(*)
 libgcc.a(*)

.ARM.attributes
                0x0000000000000000       0x30
 *(.ARM.attributes)
 .ARM.attributes
                0x0000000000000000       0x1e c:/st/stm32cubeide_1.9.0/stm32cubeide/plugins/com.st.stm32cube.ide.mcu.externaltools.gnu-tools-for-stm32.10.3-2021.10.win32_1.0.0.202111181127/tools/bin/../lib/gcc/arm-none-eabi/10.3.1/thumb/v7e-m+fp/hard/crti.o
 .ARM.attributes
                0x000000000000001e       0x34 c:/st/stm32cubeide_1.9.0/stm32cubeide/plugins/com.st.stm32cube.ide.mcu.externaltools.gnu-tools-for-stm32.10.3-2021.10.win32_1.0.0.202111181127/tools/bin/../lib/gcc/arm-none-eabi/10.3.1/thumb/v7e-m+fp/hard/crtbegin.o
 .ARM.attributes
                0x0000000000000052       0x34 ./Core/Src/fatfs_sd.o
 .ARM.attributes
                0x0000000000000086       0x34 ./Core/Src/gpio.o
 .ARM.attributes
                0x00000000000000ba       0x34 ./Core/Src/main.o
 .ARM.attributes
                0x00000000000000ee       0x34 ./Core/Src/spi.o
 .ARM.attributes
                0x0000000000000122       0x34 ./Core/Src/stm32f4xx_hal_msp.o
 .ARM.attributes
                0x0000000000000156       0x34 ./Core/Src/stm32f4xx_it.o
 .ARM.attributes
                0x000000000000018a       0x34 ./Core/Src/system_stm32f4xx.o
 .ARM.attributes
                0x00000000000001be       0x34 ./Core/Src/usart.o
 .ARM.attributes
                0x00000000000001f2       0x21 ./Core/Startup/startup_stm32f401retx.o
 .ARM.attributes
                0x0000000000000213       0x34 ./Drivers/STM32F4xx_HAL_Driver/Src/stm32f4xx_hal.o
 .ARM.attributes
                0x0000000000000247       0x34 ./Drivers/STM32F4xx_HAL_Driver/Src/stm32f4xx_hal_cortex.o
 .ARM.attributes
                0x000000000000027b       0x34 ./Drivers/STM32F4xx_HAL_Driver/Src/stm32f4xx_hal_gpio.o
 .ARM.attributes
                0x00000000000002af       0x34 ./Drivers/STM32F4xx_HAL_Driver/Src/stm32f4xx_hal_rcc.o
 .ARM.attributes
                0x00000000000002e3       0x34 ./Drivers/STM32F4xx_HAL_Driver/Src/stm32f4xx_hal_spi.o
 .ARM.attributes
                0x0000000000000317       0x34 ./Drivers/STM32F4xx_HAL_Driver/Src/stm32f4xx_hal_uart.o
 .ARM.attributes
                0x000000000000034b       0x34 ./FATFS/App/fatfs.o
 .ARM.attributes
                0x000000000000037f       0x34 ./FATFS/Target/user_diskio.o
 .ARM.attributes
                0x00000000000003b3       0x34 ./Middlewares/Third_Party/FatFs/src/diskio.o
 .ARM.attributes
                0x00000000000003e7       0x34 ./Middlewares/Third_Party/FatFs/src/ff.o
 .ARM.attributes
                0x000000000000041b       0x34 ./Middlewares/Third_Party/FatFs/src/ff_gen_drv.o
 .ARM.attributes
                0x000000000000044f       0x34 ./Middlewares/Third_Party/FatFs/src/option/ccsbcs.o
 .ARM.attributes
                0x0000000000000483       0x34 c:/st/stm32cubeide_1.9.0/stm32cubeide/plugins/com.st.stm32cube.ide.mcu.externaltools.gnu-tools-for-stm32.10.3-2021.10.win32_1.0.0.202111181127/tools/bin/../lib/gcc/arm-none-eabi/10.3.1/../../../../arm-none-eabi/lib/thumb/v7e-m+fp/hard\libc_nano.a(lib_a-init.o)
 .ARM.attributes
                0x00000000000004b7       0x34 c:/st/stm32cubeide_1.9.0/stm32cubeide/plugins/com.st.stm32cube.ide.mcu.externaltools.gnu-tools-for-stm32.10.3-2021.10.win32_1.0.0.202111181127/tools/bin/../lib/gcc/arm-none-eabi/10.3.1/../../../../arm-none-eabi/lib/thumb/v7e-m+fp/hard\libc_nano.a(lib_a-memset.o)
 .ARM.attributes
                0x00000000000004eb       0x17 c:/st/stm32cubeide_1.9.0/stm32cubeide/plugins/com.st.stm32cube.ide.mcu.externaltools.gnu-tools-for-stm32.10.3-2021.10.win32_1.0.0.202111181127/tools/bin/../lib/gcc/arm-none-eabi/10.3.1/../../../../arm-none-eabi/lib/thumb/v7e-m+fp/hard\libc_nano.a(lib_a-strlen.o)
 .ARM.attributes
                0x0000000000000502       0x1e c:/st/stm32cubeide_1.9.0/stm32cubeide/plugins/com.st.stm32cube.ide.mcu.externaltools.gnu-tools-for-stm32.10.3-2021.10.win32_1.0.0.202111181127/tools/bin/../lib/gcc/arm-none-eabi/10.3.1/thumb/v7e-m+fp/hard\libgcc.a(_aeabi_uldivmod.o)
 .ARM.attributes
                0x0000000000000520       0x34 c:/st/stm32cubeide_1.9.0/stm32cubeide/plugins/com.st.stm32cube.ide.mcu.externaltools.gnu-tools-for-stm32.10.3-2021.10.win32_1.0.0.202111181127/tools/bin/../lib/gcc/arm-none-eabi/10.3.1/thumb/v7e-m+fp/hard\libgcc.a(_udivmoddi4.o)
 .ARM.attributes
                0x0000000000000554       0x1e c:/st/stm32cubeide_1.9.0/stm32cubeide/plugins/com.st.stm32cube.ide.mcu.externaltools.gnu-tools-for-stm32.10.3-2021.10.win32_1.0.0.202111181127/tools/bin/../lib/gcc/arm-none-eabi/10.3.1/thumb/v7e-m+fp/hard\libgcc.a(_dvmd_tls.o)
 .ARM.attributes
                0x0000000000000572       0x1e c:/st/stm32cubeide_1.9.0/stm32cubeide/plugins/com.st.stm32cube.ide.mcu.externaltools.gnu-tools-for-stm32.10.3-2021.10.win32_1.0.0.202111181127/tools/bin/../lib/gcc/arm-none-eabi/10.3.1/thumb/v7e-m+fp/hard/crtn.o
OUTPUT(sdcard.elf elf32-littlearm)
LOAD linker stubs
LOAD c:/st/stm32cubeide_1.9.0/stm32cubeide/plugins/com.st.stm32cube.ide.mcu.externaltools.gnu-tools-for-stm32.10.3-2021.10.win32_1.0.0.202111181127/tools/bin/../lib/gcc/arm-none-eabi/10.3.1/../../../../arm-none-eabi/lib/thumb/v7e-m+fp/hard\libc.a
LOAD c:/st/stm32cubeide_1.9.0/stm32cubeide/plugins/com.st.stm32cube.ide.mcu.externaltools.gnu-tools-for-stm32.10.3-2021.10.win32_1.0.0.202111181127/tools/bin/../lib/gcc/arm-none-eabi/10.3.1/../../../../arm-none-eabi/lib/thumb/v7e-m+fp/hard\libm.a
LOAD c:/st/stm32cubeide_1.9.0/stm32cubeide/plugins/com.st.stm32cube.ide.mcu.externaltools.gnu-tools-for-stm32.10.3-2021.10.win32_1.0.0.202111181127/tools/bin/../lib/gcc/arm-none-eabi/10.3.1/thumb/v7e-m+fp/hard\libgcc.a

.debug_info     0x0000000000000000     0xea60
 .debug_info    0x0000000000000000      0xcc7 ./Core/Src/fatfs_sd.o
 .debug_info    0x0000000000000cc7      0x49d ./Core/Src/gpio.o
 .debug_info    0x0000000000001164      0xfbd ./Core/Src/main.o
 .debug_info    0x0000000000002121      0xa2c ./Core/Src/spi.o
 .debug_info    0x0000000000002b4d      0x2e7 ./Core/Src/stm32f4xx_hal_msp.o
 .debug_info    0x0000000000002e34      0x186 ./Core/Src/stm32f4xx_it.o
 .debug_info    0x0000000000002fba      0x54f ./Core/Src/system_stm32f4xx.o
 .debug_info    0x0000000000003509      0x9c4 ./Core/Src/usart.o
 .debug_info    0x0000000000003ecd       0x22 ./Core/Startup/startup_stm32f401retx.o
 .debug_info    0x0000000000003eef      0x906 ./Drivers/STM32F4xx_HAL_Driver/Src/stm32f4xx_hal.o
 .debug_info    0x00000000000047f5      0xd85 ./Drivers/STM32F4xx_HAL_Driver/Src/stm32f4xx_hal_cortex.o
 .debug_info    0x000000000000557a      0x78e ./Drivers/STM32F4xx_HAL_Driver/Src/stm32f4xx_hal_gpio.o
 .debug_info    0x0000000000005d08      0x98c ./Drivers/STM32F4xx_HAL_Driver/Src/stm32f4xx_hal_rcc.o
 .debug_info    0x0000000000006694     0x1750 ./Drivers/STM32F4xx_HAL_Driver/Src/stm32f4xx_hal_spi.o
 .debug_info    0x0000000000007de4     0x31b4 ./Drivers/STM32F4xx_HAL_Driver/Src/stm32f4xx_hal_uart.o
 .debug_info    0x000000000000af98      0x526 ./FATFS/App/fatfs.o
 .debug_info    0x000000000000b4be      0x3d2 ./FATFS/Target/user_diskio.o
 .debug_info    0x000000000000b890      0x412 ./Middlewares/Third_Party/FatFs/src/diskio.o
 .debug_info    0x000000000000bca2     0x284f ./Middlewares/Third_Party/FatFs/src/ff.o
 .debug_info    0x000000000000e4f1      0x3a9 ./Middlewares/Third_Party/FatFs/src/ff_gen_drv.o
 .debug_info    0x000000000000e89a      0x1c6 ./Middlewares/Third_Party/FatFs/src/option/ccsbcs.o

.debug_abbrev   0x0000000000000000     0x253c
 .debug_abbrev  0x0000000000000000      0x2c4 ./Core/Src/fatfs_sd.o
 .debug_abbrev  0x00000000000002c4      0x146 ./Core/Src/gpio.o
 .debug_abbrev  0x000000000000040a      0x28d ./Core/Src/main.o
 .debug_abbrev  0x0000000000000697      0x1e0 ./Core/Src/spi.o
 .debug_abbrev  0x0000000000000877       0xf0 ./Core/Src/stm32f4xx_hal_msp.o
 .debug_abbrev  0x0000000000000967       0x9d ./Core/Src/stm32f4xx_it.o
 .debug_abbrev  0x0000000000000a04      0x116 ./Core/Src/system_stm32f4xx.o
 .debug_abbrev  0x0000000000000b1a      0x1e7 ./Core/Src/usart.o
 .debug_abbrev  0x0000000000000d01       0x12 ./Core/Startup/startup_stm32f401retx.o
 .debug_abbrev  0x0000000000000d13      0x23e ./Drivers/STM32F4xx_HAL_Driver/Src/stm32f4xx_hal.o
 .debug_abbrev  0x0000000000000f51      0x316 ./Drivers/STM32F4xx_HAL_Driver/Src/stm32f4xx_hal_cortex.o
 .debug_abbrev  0x0000000000001267      0x1c4 ./Drivers/STM32F4xx_HAL_Driver/Src/stm32f4xx_hal_gpio.o
 .debug_abbrev  0x000000000000142b      0x2aa ./Drivers/STM32F4xx_HAL_Driver/Src/stm32f4xx_hal_rcc.o
 .debug_abbrev  0x00000000000016d5      0x26e ./Drivers/STM32F4xx_HAL_Driver/Src/stm32f4xx_hal_spi.o
 .debug_abbrev  0x0000000000001943      0x305 ./Drivers/STM32F4xx_HAL_Driver/Src/stm32f4xx_hal_uart.o
 .debug_abbrev  0x0000000000001c48      0x15a ./FATFS/App/fatfs.o
 .debug_abbrev  0x0000000000001da2      0x13f ./FATFS/Target/user_diskio.o
 .debug_abbrev  0x0000000000001ee1      0x178 ./Middlewares/Third_Party/FatFs/src/diskio.o
 .debug_abbrev  0x0000000000002059      0x271 ./Middlewares/Third_Party/FatFs/src/ff.o
 .debug_abbrev  0x00000000000022ca      0x196 ./Middlewares/Third_Party/FatFs/src/ff_gen_drv.o
 .debug_abbrev  0x0000000000002460       0xdc ./Middlewares/Third_Party/FatFs/src/option/ccsbcs.o

.debug_aranges  0x0000000000000000      0xc38
 .debug_aranges
                0x0000000000000000       0xa8 ./Core/Src/fatfs_sd.o
 .debug_aranges
                0x00000000000000a8       0x20 ./Core/Src/gpio.o
 .debug_aranges
                0x00000000000000c8       0x38 ./Core/Src/main.o
 .debug_aranges
                0x0000000000000100       0x30 ./Core/Src/spi.o
 .debug_aranges
                0x0000000000000130       0x20 ./Core/Src/stm32f4xx_hal_msp.o
 .debug_aranges
                0x0000000000000150       0x68 ./Core/Src/stm32f4xx_it.o
 .debug_aranges
                0x00000000000001b8       0x28 ./Core/Src/system_stm32f4xx.o
 .debug_aranges
                0x00000000000001e0       0x30 ./Core/Src/usart.o
 .debug_aranges
                0x0000000000000210       0x28 ./Core/Startup/startup_stm32f401retx.o
 .debug_aranges
                0x0000000000000238       0xf0 ./Drivers/STM32F4xx_HAL_Driver/Src/stm32f4xx_hal.o
 .debug_aranges
                0x0000000000000328      0x118 ./Drivers/STM32F4xx_HAL_Driver/Src/stm32f4xx_hal_cortex.o
 .debug_aranges
                0x0000000000000440       0x58 ./Drivers/STM32F4xx_HAL_Driver/Src/stm32f4xx_hal_gpio.o
 .debug_aranges
                0x0000000000000498       0x88 ./Drivers/STM32F4xx_HAL_Driver/Src/stm32f4xx_hal_rcc.o
 .debug_aranges
                0x0000000000000520      0x1d0 ./Drivers/STM32F4xx_HAL_Driver/Src/stm32f4xx_hal_spi.o
 .debug_aranges
                0x00000000000006f0      0x200 ./Drivers/STM32F4xx_HAL_Driver/Src/stm32f4xx_hal_uart.o
 .debug_aranges
                0x00000000000008f0       0x28 ./FATFS/App/fatfs.o
 .debug_aranges
                0x0000000000000918       0x40 ./FATFS/Target/user_diskio.o
 .debug_aranges
                0x0000000000000958       0x48 ./Middlewares/Third_Party/FatFs/src/diskio.o
 .debug_aranges
                0x00000000000009a0      0x230 ./Middlewares/Third_Party/FatFs/src/ff.o
 .debug_aranges
                0x0000000000000bd0       0x40 ./Middlewares/Third_Party/FatFs/src/ff_gen_drv.o
 .debug_aranges
                0x0000000000000c10       0x28 ./Middlewares/Third_Party/FatFs/src/option/ccsbcs.o

.debug_ranges   0x0000000000000000      0xb20
 .debug_ranges  0x0000000000000000       0x98 ./Core/Src/fatfs_sd.o
 .debug_ranges  0x0000000000000098       0x10 ./Core/Src/gpio.o
 .debug_ranges  0x00000000000000a8       0x28 ./Core/Src/main.o
 .debug_ranges  0x00000000000000d0       0x20 ./Core/Src/spi.o
 .debug_ranges  0x00000000000000f0       0x10 ./Core/Src/stm32f4xx_hal_msp.o
 .debug_ranges  0x0000000000000100       0x58 ./Core/Src/stm32f4xx_it.o
 .debug_ranges  0x0000000000000158       0x18 ./Core/Src/system_stm32f4xx.o
 .debug_ranges  0x0000000000000170       0x20 ./Core/Src/usart.o
 .debug_ranges  0x0000000000000190       0x20 ./Core/Startup/startup_stm32f401retx.o
 .debug_ranges  0x00000000000001b0       0xe0 ./Drivers/STM32F4xx_HAL_Driver/Src/stm32f4xx_hal.o
 .debug_ranges  0x0000000000000290      0x108 ./Drivers/STM32F4xx_HAL_Driver/Src/stm32f4xx_hal_cortex.o
 .debug_ranges  0x0000000000000398       0x48 ./Drivers/STM32F4xx_HAL_Driver/Src/stm32f4xx_hal_gpio.o
 .debug_ranges  0x00000000000003e0       0x78 ./Drivers/STM32F4xx_HAL_Driver/Src/stm32f4xx_hal_rcc.o
 .debug_ranges  0x0000000000000458      0x1c0 ./Drivers/STM32F4xx_HAL_Driver/Src/stm32f4xx_hal_spi.o
 .debug_ranges  0x0000000000000618      0x220 ./Drivers/STM32F4xx_HAL_Driver/Src/stm32f4xx_hal_uart.o
 .debug_ranges  0x0000000000000838       0x18 ./FATFS/App/fatfs.o
 .debug_ranges  0x0000000000000850       0x30 ./FATFS/Target/user_diskio.o
 .debug_ranges  0x0000000000000880       0x38 ./Middlewares/Third_Party/FatFs/src/diskio.o
 .debug_ranges  0x00000000000008b8      0x220 ./Middlewares/Third_Party/FatFs/src/ff.o
 .debug_ranges  0x0000000000000ad8       0x30 ./Middlewares/Third_Party/FatFs/src/ff_gen_drv.o
 .debug_ranges  0x0000000000000b08       0x18 ./Middlewares/Third_Party/FatFs/src/option/ccsbcs.o

.debug_macro    0x0000000000000000    0x17692
 .debug_macro   0x0000000000000000      0x209 ./Core/Src/fatfs_sd.o
 .debug_macro   0x0000000000000209      0xa78 ./Core/Src/fatfs_sd.o
 .debug_macro   0x0000000000000c81      0x29b ./Core/Src/fatfs_sd.o
 .debug_macro   0x0000000000000f1c       0x2e ./Core/Src/fatfs_sd.o
 .debug_macro   0x0000000000000f4a       0x28 ./Core/Src/fatfs_sd.o
 .debug_macro   0x0000000000000f72       0x22 ./Core/Src/fatfs_sd.o
 .debug_macro   0x0000000000000f94       0x8e ./Core/Src/fatfs_sd.o
 .debug_macro   0x0000000000001022       0x51 ./Core/Src/fatfs_sd.o
 .debug_macro   0x0000000000001073      0x103 ./Core/Src/fatfs_sd.o
 .debug_macro   0x0000000000001176       0x6a ./Core/Src/fatfs_sd.o
 .debug_macro   0x00000000000011e0      0x1df ./Core/Src/fatfs_sd.o
 .debug_macro   0x00000000000013bf       0x1c ./Core/Src/fatfs_sd.o
 .debug_macro   0x00000000000013db       0x22 ./Core/Src/fatfs_sd.o
 .debug_macro   0x00000000000013fd       0xd9 ./Core/Src/fatfs_sd.o
 .debug_macro   0x00000000000014d6     0x102d ./Core/Src/fatfs_sd.o
 .debug_macro   0x0000000000002503      0x11f ./Core/Src/fatfs_sd.o
 .debug_macro   0x0000000000002622     0xb86c ./Core/Src/fatfs_sd.o
 .debug_macro   0x000000000000de8e       0x6d ./Core/Src/fatfs_sd.o
 .debug_macro   0x000000000000defb     0x367e ./Core/Src/fatfs_sd.o
 .debug_macro   0x0000000000011579      0x174 ./Core/Src/fatfs_sd.o
 .debug_macro   0x00000000000116ed       0x5c ./Core/Src/fatfs_sd.o
 .debug_macro   0x0000000000011749      0x416 ./Core/Src/fatfs_sd.o
 .debug_macro   0x0000000000011b5f      0x9fe ./Core/Src/fatfs_sd.o
 .debug_macro   0x000000000001255d      0x115 ./Core/Src/fatfs_sd.o
 .debug_macro   0x0000000000012672       0xf8 ./Core/Src/fatfs_sd.o
 .debug_macro   0x000000000001276a       0xa5 ./Core/Src/fatfs_sd.o
 .debug_macro   0x000000000001280f      0x15f ./Core/Src/fatfs_sd.o
 .debug_macro   0x000000000001296e      0x287 ./Core/Src/fatfs_sd.o
 .debug_macro   0x0000000000012bf5       0x5f ./Core/Src/fatfs_sd.o
 .debug_macro   0x0000000000012c54      0x236 ./Core/Src/fatfs_sd.o
 .debug_macro   0x0000000000012e8a      0x132 ./Core/Src/fatfs_sd.o
 .debug_macro   0x0000000000012fbc      0x264 ./Core/Src/fatfs_sd.o
 .debug_macro   0x0000000000013220       0x2e ./Core/Src/fatfs_sd.o
 .debug_macro   0x000000000001324e      0x11a ./Core/Src/fatfs_sd.o
 .debug_macro   0x0000000000013368       0x85 ./Core/Src/fatfs_sd.o
 .debug_macro   0x00000000000133ed       0x89 ./Core/Src/fatfs_sd.o
 .debug_macro   0x0000000000013476      0x225 ./Core/Src/fatfs_sd.o
 .debug_macro   0x000000000001369b      0x295 ./Core/Src/fatfs_sd.o
 .debug_macro   0x0000000000013930      0x126 ./Core/Src/fatfs_sd.o
 .debug_macro   0x0000000000013a56       0x16 ./Core/Src/fatfs_sd.o
 .debug_macro   0x0000000000013a6c       0x7c ./Core/Src/fatfs_sd.o
 .debug_macro   0x0000000000013ae8       0x88 ./Core/Src/fatfs_sd.o
 .debug_macro   0x0000000000013b70      0x1dd ./Core/Src/gpio.o
 .debug_macro   0x0000000000013d4d       0x58 ./Core/Src/gpio.o
 .debug_macro   0x0000000000013da5      0x34a ./Core/Src/main.o
 .debug_macro   0x00000000000140ef       0xeb ./Core/Src/main.o
 .debug_macro   0x00000000000141da       0x1e ./Core/Src/main.o
 .debug_macro   0x00000000000141f8       0x52 ./Core/Src/main.o
 .debug_macro   0x000000000001424a       0x3c ./Core/Src/main.o
 .debug_macro   0x0000000000014286       0x34 ./Core/Src/main.o
 .debug_macro   0x00000000000142ba       0x16 ./Core/Src/main.o
 .debug_macro   0x00000000000142d0       0x35 ./Core/Src/main.o
 .debug_macro   0x0000000000014305       0x16 ./Core/Src/main.o
 .debug_macro   0x000000000001431b       0x43 ./Core/Src/main.o
 .debug_macro   0x000000000001435e       0x34 ./Core/Src/main.o
 .debug_macro   0x0000000000014392       0x10 ./Core/Src/main.o
 .debug_macro   0x00000000000143a2       0x58 ./Core/Src/main.o
 .debug_macro   0x00000000000143fa       0x71 ./Core/Src/main.o
 .debug_macro   0x000000000001446b       0x1c ./Core/Src/main.o
 .debug_macro   0x0000000000014487      0x12a ./Core/Src/main.o
 .debug_macro   0x00000000000145b1      0x341 ./Core/Src/main.o
 .debug_macro   0x00000000000148f2       0x16 ./Core/Src/main.o
 .debug_macro   0x0000000000014908       0x29 ./Core/Src/main.o
 .debug_macro   0x0000000000014931       0x12 ./Core/Src/main.o
 .debug_macro   0x0000000000014943       0xe2 ./Core/Src/main.o
 .debug_macro   0x0000000000014a25       0x8e ./Core/Src/main.o
 .debug_macro   0x0000000000014ab3       0x16 ./Core/Src/main.o
 .debug_macro   0x0000000000014ac9       0x20 ./Core/Src/main.o
 .debug_macro   0x0000000000014ae9      0x1dd ./Core/Src/spi.o
 .debug_macro   0x0000000000014cc6      0x1d3 ./Core/Src/stm32f4xx_hal_msp.o
 .debug_macro   0x0000000000014e99      0x1dd ./Core/Src/stm32f4xx_it.o
 .debug_macro   0x0000000000015076      0x1c4 ./Core/Src/system_stm32f4xx.o
 .debug_macro   0x000000000001523a      0x1dd ./Core/Src/usart.o
 .debug_macro   0x0000000000015417      0x224 ./Drivers/STM32F4xx_HAL_Driver/Src/stm32f4xx_hal.o
 .debug_macro   0x000000000001563b      0x1c4 ./Drivers/STM32F4xx_HAL_Driver/Src/stm32f4xx_hal_cortex.o
 .debug_macro   0x00000000000157ff      0x1ca ./Drivers/STM32F4xx_HAL_Driver/Src/stm32f4xx_hal_gpio.o
 .debug_macro   0x00000000000159c9      0x1e8 ./Drivers/STM32F4xx_HAL_Driver/Src/stm32f4xx_hal_rcc.o
 .debug_macro   0x0000000000015bb1      0x1d3 ./Drivers/STM32F4xx_HAL_Driver/Src/stm32f4xx_hal_spi.o
 .debug_macro   0x0000000000015d84      0x1c5 ./Drivers/STM32F4xx_HAL_Driver/Src/stm32f4xx_hal_uart.o
 .debug_macro   0x0000000000015f49      0x2f8 ./FATFS/App/fatfs.o
 .debug_macro   0x0000000000016241       0xe5 ./FATFS/App/fatfs.o
 .debug_macro   0x0000000000016326      0x31e ./FATFS/Target/user_diskio.o
 .debug_macro   0x0000000000016644       0x10 ./FATFS/Target/user_diskio.o
 .debug_macro   0x0000000000016654       0x56 ./FATFS/Target/user_diskio.o
 .debug_macro   0x00000000000166aa      0x2e5 ./Middlewares/Third_Party/FatFs/src/diskio.o
 .debug_macro   0x000000000001698f      0x6f3 ./Middlewares/Third_Party/FatFs/src/ff.o
 .debug_macro   0x0000000000017082       0x58 ./Middlewares/Third_Party/FatFs/src/ff.o
 .debug_macro   0x00000000000170da      0x2e5 ./Middlewares/Third_Party/FatFs/src/ff_gen_drv.o
 .debug_macro   0x00000000000173bf      0x2d3 ./Middlewares/Third_Party/FatFs/src/option/ccsbcs.o

.debug_line     0x0000000000000000    0x11f1f
 .debug_line    0x0000000000000000      0xdb3 ./Core/Src/fatfs_sd.o
 .debug_line    0x0000000000000db3      0x6c5 ./Core/Src/gpio.o
 .debug_line    0x0000000000001478      0x98a ./Core/Src/main.o
 .debug_line    0x0000000000001e02      0x721 ./Core/Src/spi.o
 .debug_line    0x0000000000002523      0x69e ./Core/Src/stm32f4xx_hal_msp.o
 .debug_line    0x0000000000002bc1      0x793 ./Core/Src/stm32f4xx_it.o
 .debug_line    0x0000000000003354      0x71f ./Core/Src/system_stm32f4xx.o
 .debug_line    0x0000000000003a73      0x707 ./Core/Src/usart.o
 .debug_line    0x000000000000417a       0x88 ./Core/Startup/startup_stm32f401retx.o
 .debug_line    0x0000000000004202      0x985 ./Drivers/STM32F4xx_HAL_Driver/Src/stm32f4xx_hal.o
 .debug_line    0x0000000000004b87      0xc34 ./Drivers/STM32F4xx_HAL_Driver/Src/stm32f4xx_hal_cortex.o
 .debug_line    0x00000000000057bb      0xabd ./Drivers/STM32F4xx_HAL_Driver/Src/stm32f4xx_hal_gpio.o
 .debug_line    0x0000000000006278      0xd01 ./Drivers/STM32F4xx_HAL_Driver/Src/stm32f4xx_hal_rcc.o
 .debug_line    0x0000000000006f79     0x1c0f ./Drivers/STM32F4xx_HAL_Driver/Src/stm32f4xx_hal_spi.o
 .debug_line    0x0000000000008b88     0x2a2a ./Drivers/STM32F4xx_HAL_Driver/Src/stm32f4xx_hal_uart.o
 .debug_line    0x000000000000b5b2      0x887 ./FATFS/App/fatfs.o
 .debug_line    0x000000000000be39      0x8eb ./FATFS/Target/user_diskio.o
 .debug_line    0x000000000000c724      0x8f6 ./Middlewares/Third_Party/FatFs/src/diskio.o
 .debug_line    0x000000000000d01a     0x3c9d ./Middlewares/Third_Party/FatFs/src/ff.o
 .debug_line    0x0000000000010cb7      0x914 ./Middlewares/Third_Party/FatFs/src/ff_gen_drv.o
 .debug_line    0x00000000000115cb      0x954 ./Middlewares/Third_Party/FatFs/src/option/ccsbcs.o

.debug_str      0x0000000000000000    0x8766a
 .debug_str     0x0000000000000000    0x808eb ./Core/Src/fatfs_sd.o
                                      0x80bf4 (size before relaxing)
 .debug_str     0x00000000000808eb      0x2b0 ./Core/Src/gpio.o
                                      0x80541 (size before relaxing)
 .debug_str     0x0000000000080b9b     0x398b ./Core/Src/main.o
                                      0x842c4 (size before relaxing)
 .debug_str     0x0000000000084526       0x5b ./Core/Src/spi.o
                                      0x809cd (size before relaxing)
 .debug_str     0x0000000000084581       0x49 ./Core/Src/stm32f4xx_hal_msp.o
                                      0x80493 (size before relaxing)
 .debug_str     0x00000000000845ca       0xe2 ./Core/Src/stm32f4xx_it.o
                                      0x80423 (size before relaxing)
 .debug_str     0x00000000000846ac       0xdb ./Core/Src/system_stm32f4xx.o
                                      0x80400 (size before relaxing)
 .debug_str     0x0000000000084787       0x51 ./Core/Src/usart.o
                                      0x809d6 (size before relaxing)
 .debug_str     0x00000000000847d8       0x36 ./Core/Startup/startup_stm32f401retx.o
                                         0x6f (size before relaxing)
 .debug_str     0x000000000008480e      0x987 ./Drivers/STM32F4xx_HAL_Driver/Src/stm32f4xx_hal.o
                                      0x80e22 (size before relaxing)
 .debug_str     0x0000000000085195      0x354 ./Drivers/STM32F4xx_HAL_Driver/Src/stm32f4xx_hal_cortex.o
                                      0x80b43 (size before relaxing)
 .debug_str     0x00000000000854e9      0x121 ./Drivers/STM32F4xx_HAL_Driver/Src/stm32f4xx_hal_gpio.o
                                      0x8057b (size before relaxing)
 .debug_str     0x000000000008560a      0x233 ./Drivers/STM32F4xx_HAL_Driver/Src/stm32f4xx_hal_rcc.o
                                      0x80834 (size before relaxing)
 .debug_str     0x000000000008583d      0x579 ./Drivers/STM32F4xx_HAL_Driver/Src/stm32f4xx_hal_spi.o
                                      0x80cb2 (size before relaxing)
 .debug_str     0x0000000000085db6      0x5f2 ./Drivers/STM32F4xx_HAL_Driver/Src/stm32f4xx_hal_uart.o
                                      0x80dc1 (size before relaxing)
 .debug_str     0x00000000000863a8       0x74 ./FATFS/App/fatfs.o
                                      0x839e6 (size before relaxing)
 .debug_str     0x000000000008641c       0x5a ./FATFS/Target/user_diskio.o
                                      0x83ae0 (size before relaxing)
 .debug_str     0x0000000000086476       0x52 ./Middlewares/Third_Party/FatFs/src/diskio.o
                                      0x838e2 (size before relaxing)
 .debug_str     0x00000000000864c8     0x10c8 ./Middlewares/Third_Party/FatFs/src/ff.o
                                      0x84be9 (size before relaxing)
 .debug_str     0x0000000000087590       0x91 ./Middlewares/Third_Party/FatFs/src/ff_gen_drv.o
                                      0x83933 (size before relaxing)
 .debug_str     0x0000000000087621       0x49 ./Middlewares/Third_Party/FatFs/src/option/ccsbcs.o
                                      0x836b7 (size before relaxing)

.comment        0x0000000000000000       0x50
 .comment       0x0000000000000000       0x50 ./Core/Src/fatfs_sd.o
                                         0x51 (size before relaxing)
 .comment       0x0000000000000050       0x51 ./Core/Src/gpio.o
 .comment       0x0000000000000050       0x51 ./Core/Src/main.o
 .comment       0x0000000000000050       0x51 ./Core/Src/spi.o
 .comment       0x0000000000000050       0x51 ./Core/Src/stm32f4xx_hal_msp.o
 .comment       0x0000000000000050       0x51 ./Core/Src/stm32f4xx_it.o
 .comment       0x0000000000000050       0x51 ./Core/Src/system_stm32f4xx.o
 .comment       0x0000000000000050       0x51 ./Core/Src/usart.o
 .comment       0x0000000000000050       0x51 ./Drivers/STM32F4xx_HAL_Driver/Src/stm32f4xx_hal.o
 .comment       0x0000000000000050       0x51 ./Drivers/STM32F4xx_HAL_Driver/Src/stm32f4xx_hal_cortex.o
 .comment       0x0000000000000050       0x51 ./Drivers/STM32F4xx_HAL_Driver/Src/stm32f4xx_hal_gpio.o
 .comment       0x0000000000000050       0x51 ./Drivers/STM32F4xx_HAL_Driver/Src/stm32f4xx_hal_rcc.o
 .comment       0x0000000000000050       0x51 ./Drivers/STM32F4xx_HAL_Driver/Src/stm32f4xx_hal_spi.o
 .comment       0x0000000000000050       0x51 ./Drivers/STM32F4xx_HAL_Driver/Src/stm32f4xx_hal_uart.o
 .comment       0x0000000000000050       0x51 ./FATFS/App/fatfs.o
 .comment       0x0000000000000050       0x51 ./FATFS/Target/user_diskio.o
 .comment       0x0000000000000050       0x51 ./Middlewares/Third_Party/FatFs/src/diskio.o
 .comment       0x0000000000000050       0x51 ./Middlewares/Third_Party/FatFs/src/ff.o
 .comment       0x0000000000000050       0x51 ./Middlewares/Third_Party/FatFs/src/ff_gen_drv.o
 .comment       0x0000000000000050       0x51 ./Middlewares/Third_Party/FatFs/src/option/ccsbcs.o

.debug_frame    0x0000000000000000     0x305c
 .debug_frame   0x0000000000000000      0x28c ./Core/Src/fatfs_sd.o
 .debug_frame   0x000000000000028c       0x34 ./Core/Src/gpio.o
 .debug_frame   0x00000000000002c0       0x8c ./Core/Src/main.o
 .debug_frame   0x000000000000034c       0x74 ./Core/Src/spi.o
 .debug_frame   0x00000000000003c0       0x34 ./Core/Src/stm32f4xx_hal_msp.o
 .debug_frame   0x00000000000003f4      0x124 ./Core/Src/stm32f4xx_it.o
 .debug_frame   0x0000000000000518       0x58 ./Core/Src/system_stm32f4xx.o
 .debug_frame   0x0000000000000570       0x74 ./Core/Src/usart.o
 .debug_frame   0x00000000000005e4      0x374 ./Drivers/STM32F4xx_HAL_Driver/Src/stm32f4xx_hal.o
 .debug_frame   0x0000000000000958      0x498 ./Drivers/STM32F4xx_HAL_Driver/Src/stm32f4xx_hal_cortex.o
 .debug_frame   0x0000000000000df0      0x14c ./Drivers/STM32F4xx_HAL_Driver/Src/stm32f4xx_hal_gpio.o
 .debug_frame   0x0000000000000f3c      0x1f4 ./Drivers/STM32F4xx_HAL_Driver/Src/stm32f4xx_hal_rcc.o
 .debug_frame   0x0000000000001130      0x824 ./Drivers/STM32F4xx_HAL_Driver/Src/stm32f4xx_hal_spi.o
 .debug_frame   0x0000000000001954      0x92c ./Drivers/STM32F4xx_HAL_Driver/Src/stm32f4xx_hal_uart.o
 .debug_frame   0x0000000000002280       0x4c ./FATFS/App/fatfs.o
 .debug_frame   0x00000000000022cc       0xc4 ./FATFS/Target/user_diskio.o
 .debug_frame   0x0000000000002390       0xec ./Middlewares/Third_Party/FatFs/src/diskio.o
 .debug_frame   0x000000000000247c      0xa0c ./Middlewares/Third_Party/FatFs/src/ff.o
 .debug_frame   0x0000000000002e88       0xc8 ./Middlewares/Third_Party/FatFs/src/ff_gen_drv.o
 .debug_frame   0x0000000000002f50       0x60 ./Middlewares/Third_Party/FatFs/src/option/ccsbcs.o
 .debug_frame   0x0000000000002fb0       0x2c c:/st/stm32cubeide_1.9.0/stm32cubeide/plugins/com.st.stm32cube.ide.mcu.externaltools.gnu-tools-for-stm32.10.3-2021.10.win32_1.0.0.202111181127/tools/bin/../lib/gcc/arm-none-eabi/10.3.1/../../../../arm-none-eabi/lib/thumb/v7e-m+fp/hard\libc_nano.a(lib_a-init.o)
 .debug_frame   0x0000000000002fdc       0x20 c:/st/stm32cubeide_1.9.0/stm32cubeide/plugins/com.st.stm32cube.ide.mcu.externaltools.gnu-tools-for-stm32.10.3-2021.10.win32_1.0.0.202111181127/tools/bin/../lib/gcc/arm-none-eabi/10.3.1/../../../../arm-none-eabi/lib/thumb/v7e-m+fp/hard\libc_nano.a(lib_a-memset.o)
 .debug_frame   0x0000000000002ffc       0x2c c:/st/stm32cubeide_1.9.0/stm32cubeide/plugins/com.st.stm32cube.ide.mcu.externaltools.gnu-tools-for-stm32.10.3-2021.10.win32_1.0.0.202111181127/tools/bin/../lib/gcc/arm-none-eabi/10.3.1/thumb/v7e-m+fp/hard\libgcc.a(_aeabi_uldivmod.o)
 .debug_frame   0x0000000000003028       0x34 c:/st/stm32cubeide_1.9.0/stm32cubeide/plugins/com.st.stm32cube.ide.mcu.externaltools.gnu-tools-for-stm32.10.3-2021.10.win32_1.0.0.202111181127/tools/bin/../lib/gcc/arm-none-eabi/10.3.1/thumb/v7e-m+fp/hard\libgcc.a(_udivmoddi4.o)
